Detect Infrastructure Drift	Set up job	ï»¿2025-10-18T19:44:07.8532101Z Current runner version: '2.329.0'
Detect Infrastructure Drift	Set up job	2025-10-18T19:44:07.8558120Z ##[group]Runner Image Provisioner
Detect Infrastructure Drift	Set up job	2025-10-18T19:44:07.8559076Z Hosted Compute Agent
Detect Infrastructure Drift	Set up job	2025-10-18T19:44:07.8559653Z Version: 20251013.424
Detect Infrastructure Drift	Set up job	2025-10-18T19:44:07.8560268Z Commit: cfdd8bfed34d71a55b72df4d2e82343c3fc2bab3
Detect Infrastructure Drift	Set up job	2025-10-18T19:44:07.8561158Z Build Date: 2025-10-13T20:22:23Z
Detect Infrastructure Drift	Set up job	2025-10-18T19:44:07.8561844Z ##[endgroup]
Detect Infrastructure Drift	Set up job	2025-10-18T19:44:07.8562438Z ##[group]Operating System
Detect Infrastructure Drift	Set up job	2025-10-18T19:44:07.8563058Z Ubuntu
Detect Infrastructure Drift	Set up job	2025-10-18T19:44:07.8563593Z 24.04.3
Detect Infrastructure Drift	Set up job	2025-10-18T19:44:07.8564131Z LTS
Detect Infrastructure Drift	Set up job	2025-10-18T19:44:07.8564638Z ##[endgroup]
Detect Infrastructure Drift	Set up job	2025-10-18T19:44:07.8565211Z ##[group]Runner Image
Detect Infrastructure Drift	Set up job	2025-10-18T19:44:07.8565840Z Image: ubuntu-24.04
Detect Infrastructure Drift	Set up job	2025-10-18T19:44:07.8566379Z Version: 20251014.76.1
Detect Infrastructure Drift	Set up job	2025-10-18T19:44:07.8567572Z Included Software: https://github.com/actions/runner-images/blob/ubuntu24/20251014.76/images/ubuntu/Ubuntu2404-Readme.md
Detect Infrastructure Drift	Set up job	2025-10-18T19:44:07.8569097Z Image Release: https://github.com/actions/runner-images/releases/tag/ubuntu24%2F20251014.76
Detect Infrastructure Drift	Set up job	2025-10-18T19:44:07.8570396Z ##[endgroup]
Detect Infrastructure Drift	Set up job	2025-10-18T19:44:07.8571519Z ##[group]GITHUB_TOKEN Permissions
Detect Infrastructure Drift	Set up job	2025-10-18T19:44:07.8573713Z Contents: read
Detect Infrastructure Drift	Set up job	2025-10-18T19:44:07.8574353Z Issues: write
Detect Infrastructure Drift	Set up job	2025-10-18T19:44:07.8574921Z Metadata: read
Detect Infrastructure Drift	Set up job	2025-10-18T19:44:07.8575521Z ##[endgroup]
Detect Infrastructure Drift	Set up job	2025-10-18T19:44:07.8577848Z Secret source: Actions
Detect Infrastructure Drift	Set up job	2025-10-18T19:44:07.8578933Z Prepare workflow directory
Detect Infrastructure Drift	Set up job	2025-10-18T19:44:07.9074464Z Prepare all required actions
Detect Infrastructure Drift	Set up job	2025-10-18T19:44:07.9129889Z Getting action download info
Detect Infrastructure Drift	Set up job	2025-10-18T19:44:08.2677267Z Download action repository 'actions/checkout@v4' (SHA:08eba0b27e820071cde6df949e0beb9ba4906955)
Detect Infrastructure Drift	Set up job	2025-10-18T19:44:08.4607111Z Download action repository 'aws-actions/configure-aws-credentials@v4' (SHA:7474bc4690e29a8392af63c5b98e7449536d5c3a)
Detect Infrastructure Drift	Set up job	2025-10-18T19:44:08.8579799Z Download action repository 'hashicorp/setup-terraform@v3' (SHA:b9cd54a3c349d3f38e8881555d616ced269862dd)
Detect Infrastructure Drift	Set up job	2025-10-18T19:44:09.2907786Z Complete job name: Detect Infrastructure Drift
Detect Infrastructure Drift	Checkout code	ï»¿2025-10-18T19:44:09.3716208Z ##[group]Run actions/checkout@v4
Detect Infrastructure Drift	Checkout code	2025-10-18T19:44:09.3717839Z with:
Detect Infrastructure Drift	Checkout code	2025-10-18T19:44:09.3718734Z   repository: tobiakinlade/attendance-app
Detect Infrastructure Drift	Checkout code	2025-10-18T19:44:09.3720118Z   token: ***
Detect Infrastructure Drift	Checkout code	2025-10-18T19:44:09.3720920Z   ssh-strict: true
Detect Infrastructure Drift	Checkout code	2025-10-18T19:44:09.3721747Z   ssh-user: git
Detect Infrastructure Drift	Checkout code	2025-10-18T19:44:09.3722596Z   persist-credentials: true
Detect Infrastructure Drift	Checkout code	2025-10-18T19:44:09.3723546Z   clean: true
Detect Infrastructure Drift	Checkout code	2025-10-18T19:44:09.3724402Z   sparse-checkout-cone-mode: true
Detect Infrastructure Drift	Checkout code	2025-10-18T19:44:09.3725445Z   fetch-depth: 1
Detect Infrastructure Drift	Checkout code	2025-10-18T19:44:09.3726286Z   fetch-tags: false
Detect Infrastructure Drift	Checkout code	2025-10-18T19:44:09.3727170Z   show-progress: true
Detect Infrastructure Drift	Checkout code	2025-10-18T19:44:09.3728153Z   lfs: false
Detect Infrastructure Drift	Checkout code	2025-10-18T19:44:09.3728951Z   submodules: false
Detect Infrastructure Drift	Checkout code	2025-10-18T19:44:09.3729829Z   set-safe-directory: true
Detect Infrastructure Drift	Checkout code	2025-10-18T19:44:09.3731005Z env:
Detect Infrastructure Drift	Checkout code	2025-10-18T19:44:09.3731776Z   TF_VERSION: 1.6.0
Detect Infrastructure Drift	Checkout code	2025-10-18T19:44:09.3732633Z   AWS_REGION: eu-west-2
Detect Infrastructure Drift	Checkout code	2025-10-18T19:44:09.3733508Z ##[endgroup]
Detect Infrastructure Drift	Checkout code	2025-10-18T19:44:09.4886517Z Syncing repository: tobiakinlade/attendance-app
Detect Infrastructure Drift	Checkout code	2025-10-18T19:44:09.4890883Z ##[group]Getting Git version info
Detect Infrastructure Drift	Checkout code	2025-10-18T19:44:09.4892696Z Working directory is '/home/runner/work/attendance-app/attendance-app'
Detect Infrastructure Drift	Checkout code	2025-10-18T19:44:09.4894904Z [command]/usr/bin/git version
Detect Infrastructure Drift	Checkout code	2025-10-18T19:44:09.4932795Z git version 2.51.0
Detect Infrastructure Drift	Checkout code	2025-10-18T19:44:09.4960434Z ##[endgroup]
Detect Infrastructure Drift	Checkout code	2025-10-18T19:44:09.4977133Z Temporarily overriding HOME='/home/runner/work/_temp/ac36de79-f73c-4603-bccf-b379cd99542e' before making global git config changes
Detect Infrastructure Drift	Checkout code	2025-10-18T19:44:09.4982498Z Adding repository directory to the temporary git global config as a safe directory
Detect Infrastructure Drift	Checkout code	2025-10-18T19:44:09.4992131Z [command]/usr/bin/git config --global --add safe.directory /home/runner/work/attendance-app/attendance-app
Detect Infrastructure Drift	Checkout code	2025-10-18T19:44:09.5029412Z Deleting the contents of '/home/runner/work/attendance-app/attendance-app'
Detect Infrastructure Drift	Checkout code	2025-10-18T19:44:09.5033432Z ##[group]Initializing the repository
Detect Infrastructure Drift	Checkout code	2025-10-18T19:44:09.5038630Z [command]/usr/bin/git init /home/runner/work/attendance-app/attendance-app
Detect Infrastructure Drift	Checkout code	2025-10-18T19:44:09.5126412Z hint: Using 'master' as the name for the initial branch. This default branch name
Detect Infrastructure Drift	Checkout code	2025-10-18T19:44:09.5129619Z hint: is subject to change. To configure the initial branch name to use in all
Detect Infrastructure Drift	Checkout code	2025-10-18T19:44:09.5133116Z hint: of your new repositories, which will suppress this warning, call:
Detect Infrastructure Drift	Checkout code	2025-10-18T19:44:09.5135784Z hint:
Detect Infrastructure Drift	Checkout code	2025-10-18T19:44:09.5137811Z hint: 	git config --global init.defaultBranch <name>
Detect Infrastructure Drift	Checkout code	2025-10-18T19:44:09.5139996Z hint:
Detect Infrastructure Drift	Checkout code	2025-10-18T19:44:09.5142097Z hint: Names commonly chosen instead of 'master' are 'main', 'trunk' and
Detect Infrastructure Drift	Checkout code	2025-10-18T19:44:09.5145492Z hint: 'development'. The just-created branch can be renamed via this command:
Detect Infrastructure Drift	Checkout code	2025-10-18T19:44:09.5148302Z hint:
Detect Infrastructure Drift	Checkout code	2025-10-18T19:44:09.5149706Z hint: 	git branch -m <name>
Detect Infrastructure Drift	Checkout code	2025-10-18T19:44:09.5150662Z hint:
Detect Infrastructure Drift	Checkout code	2025-10-18T19:44:09.5151907Z hint: Disable this message with "git config set advice.defaultBranchName false"
Detect Infrastructure Drift	Checkout code	2025-10-18T19:44:09.5154174Z Initialized empty Git repository in /home/runner/work/attendance-app/attendance-app/.git/
Detect Infrastructure Drift	Checkout code	2025-10-18T19:44:09.5160013Z [command]/usr/bin/git remote add origin https://github.com/tobiakinlade/attendance-app
Detect Infrastructure Drift	Checkout code	2025-10-18T19:44:09.5181031Z ##[endgroup]
Detect Infrastructure Drift	Checkout code	2025-10-18T19:44:09.5183769Z ##[group]Disabling automatic garbage collection
Detect Infrastructure Drift	Checkout code	2025-10-18T19:44:09.5186176Z [command]/usr/bin/git config --local gc.auto 0
Detect Infrastructure Drift	Checkout code	2025-10-18T19:44:09.5216136Z ##[endgroup]
Detect Infrastructure Drift	Checkout code	2025-10-18T19:44:09.5218858Z ##[group]Setting up auth
Detect Infrastructure Drift	Checkout code	2025-10-18T19:44:09.5223946Z [command]/usr/bin/git config --local --name-only --get-regexp core\.sshCommand
Detect Infrastructure Drift	Checkout code	2025-10-18T19:44:09.5259163Z [command]/usr/bin/git submodule foreach --recursive sh -c "git config --local --name-only --get-regexp 'core\.sshCommand' && git config --local --unset-all 'core.sshCommand' || :"
Detect Infrastructure Drift	Checkout code	2025-10-18T19:44:09.5556735Z [command]/usr/bin/git config --local --name-only --get-regexp http\.https\:\/\/github\.com\/\.extraheader
Detect Infrastructure Drift	Checkout code	2025-10-18T19:44:09.5585196Z [command]/usr/bin/git submodule foreach --recursive sh -c "git config --local --name-only --get-regexp 'http\.https\:\/\/github\.com\/\.extraheader' && git config --local --unset-all 'http.https://github.com/.extraheader' || :"
Detect Infrastructure Drift	Checkout code	2025-10-18T19:44:09.5810807Z [command]/usr/bin/git config --local http.https://github.com/.extraheader AUTHORIZATION: basic ***
Detect Infrastructure Drift	Checkout code	2025-10-18T19:44:09.5852806Z ##[endgroup]
Detect Infrastructure Drift	Checkout code	2025-10-18T19:44:09.5855476Z ##[group]Fetching the repository
Detect Infrastructure Drift	Checkout code	2025-10-18T19:44:09.5864528Z [command]/usr/bin/git -c protocol.version=2 fetch --no-tags --prune --no-recurse-submodules --depth=1 origin +9a2e4d8987db90a3228fd279639fea4a278cbac4:refs/remotes/origin/main
Detect Infrastructure Drift	Checkout code	2025-10-18T19:44:09.8165676Z From https://github.com/tobiakinlade/attendance-app
Detect Infrastructure Drift	Checkout code	2025-10-18T19:44:09.8167696Z  * [new ref]         9a2e4d8987db90a3228fd279639fea4a278cbac4 -> origin/main
Detect Infrastructure Drift	Checkout code	2025-10-18T19:44:09.8198089Z ##[endgroup]
Detect Infrastructure Drift	Checkout code	2025-10-18T19:44:09.8200888Z ##[group]Determining the checkout info
Detect Infrastructure Drift	Checkout code	2025-10-18T19:44:09.8203660Z ##[endgroup]
Detect Infrastructure Drift	Checkout code	2025-10-18T19:44:09.8205386Z [command]/usr/bin/git sparse-checkout disable
Detect Infrastructure Drift	Checkout code	2025-10-18T19:44:09.8244913Z [command]/usr/bin/git config --local --unset-all extensions.worktreeConfig
Detect Infrastructure Drift	Checkout code	2025-10-18T19:44:09.8280310Z ##[group]Checking out the ref
Detect Infrastructure Drift	Checkout code	2025-10-18T19:44:09.8284714Z [command]/usr/bin/git checkout --progress --force -B main refs/remotes/origin/main
Detect Infrastructure Drift	Checkout code	2025-10-18T19:44:09.8369741Z Switched to a new branch 'main'
Detect Infrastructure Drift	Checkout code	2025-10-18T19:44:09.8372839Z branch 'main' set up to track 'origin/main'.
Detect Infrastructure Drift	Checkout code	2025-10-18T19:44:09.8380451Z ##[endgroup]
Detect Infrastructure Drift	Checkout code	2025-10-18T19:44:09.8412567Z [command]/usr/bin/git log -1 --format=%H
Detect Infrastructure Drift	Checkout code	2025-10-18T19:44:09.8434225Z 9a2e4d8987db90a3228fd279639fea4a278cbac4
Detect Infrastructure Drift	Configure AWS credentials	ï»¿2025-10-18T19:44:09.8733293Z ##[group]Run aws-actions/configure-aws-credentials@v4
Detect Infrastructure Drift	Configure AWS credentials	2025-10-18T19:44:09.8734566Z with:
Detect Infrastructure Drift	Configure AWS credentials	2025-10-18T19:44:09.8735725Z   role-to-assume: ***
Detect Infrastructure Drift	Configure AWS credentials	2025-10-18T19:44:09.8736608Z   aws-region: eu-west-2
Detect Infrastructure Drift	Configure AWS credentials	2025-10-18T19:44:09.8737793Z   audience: sts.amazonaws.com
Detect Infrastructure Drift	Configure AWS credentials	2025-10-18T19:44:09.8738833Z   output-env-credentials: true
Detect Infrastructure Drift	Configure AWS credentials	2025-10-18T19:44:09.8739780Z env:
Detect Infrastructure Drift	Configure AWS credentials	2025-10-18T19:44:09.8740510Z   TF_VERSION: 1.6.0
Detect Infrastructure Drift	Configure AWS credentials	2025-10-18T19:44:09.8741341Z   AWS_REGION: eu-west-2
Detect Infrastructure Drift	Configure AWS credentials	2025-10-18T19:44:09.8742301Z ##[endgroup]
Detect Infrastructure Drift	Configure AWS credentials	2025-10-18T19:44:10.1371147Z Assuming role with OIDC
Detect Infrastructure Drift	Configure AWS credentials	2025-10-18T19:44:11.3285038Z Authenticated as assumedRoleId AROAST25YJOX73YC5M7PI:GitHubActions
Detect Infrastructure Drift	Setup Terraform	ï»¿2025-10-18T19:44:11.4535870Z ##[group]Run hashicorp/setup-terraform@v3
Detect Infrastructure Drift	Setup Terraform	2025-10-18T19:44:11.4536312Z with:
Detect Infrastructure Drift	Setup Terraform	2025-10-18T19:44:11.4536592Z   terraform_version: 1.6.0
Detect Infrastructure Drift	Setup Terraform	2025-10-18T19:44:11.4536962Z   cli_config_credentials_hostname: app.terraform.io
Detect Infrastructure Drift	Setup Terraform	2025-10-18T19:44:11.4537365Z   terraform_wrapper: true
Detect Infrastructure Drift	Setup Terraform	2025-10-18T19:44:11.4537852Z env:
Detect Infrastructure Drift	Setup Terraform	2025-10-18T19:44:11.4538140Z   TF_VERSION: 1.6.0
Detect Infrastructure Drift	Setup Terraform	2025-10-18T19:44:11.4538440Z   AWS_REGION: eu-west-2
Detect Infrastructure Drift	Setup Terraform	2025-10-18T19:44:11.4538764Z   AWS_DEFAULT_REGION: eu-west-2
Detect Infrastructure Drift	Setup Terraform	2025-10-18T19:44:11.4539305Z   AWS_ACCESS_KEY_ID: ***
Detect Infrastructure Drift	Setup Terraform	2025-10-18T19:44:11.4539741Z   AWS_SECRET_ACCESS_KEY: ***
Detect Infrastructure Drift	Setup Terraform	2025-10-18T19:44:11.4545236Z   AWS_SESSION_TOKEN: ***
Detect Infrastructure Drift	Setup Terraform	2025-10-18T19:44:11.4545555Z ##[endgroup]
Detect Infrastructure Drift	Setup Terraform	2025-10-18T19:44:11.9234202Z [command]/usr/bin/unzip -o -q /home/runner/work/_temp/72a9a53b-494e-46b0-9f9e-94f6569a7201
Detect Infrastructure Drift	Terraform Init	ï»¿2025-10-18T19:44:12.4812899Z ##[group]Run terraform init \
Detect Infrastructure Drift	Terraform Init	2025-10-18T19:44:12.4813303Z [36;1mterraform init \[0m
Detect Infrastructure Drift	Terraform Init	2025-10-18T19:44:12.4813783Z [36;1m  -backend-config="bucket=***" \[0m
Detect Infrastructure Drift	Terraform Init	2025-10-18T19:44:12.4814176Z [36;1m  -backend-config="key=attendance-app/terraform.tfstate" \[0m
Detect Infrastructure Drift	Terraform Init	2025-10-18T19:44:12.4814580Z [36;1m  -backend-config="region=eu-west-2"[0m
Detect Infrastructure Drift	Terraform Init	2025-10-18T19:44:12.4849295Z shell: /usr/bin/bash -e {0}
Detect Infrastructure Drift	Terraform Init	2025-10-18T19:44:12.4849595Z env:
Detect Infrastructure Drift	Terraform Init	2025-10-18T19:44:12.4849801Z   TF_VERSION: 1.6.0
Detect Infrastructure Drift	Terraform Init	2025-10-18T19:44:12.4850041Z   AWS_REGION: eu-west-2
Detect Infrastructure Drift	Terraform Init	2025-10-18T19:44:12.4850294Z   AWS_DEFAULT_REGION: eu-west-2
Detect Infrastructure Drift	Terraform Init	2025-10-18T19:44:12.4850665Z   AWS_ACCESS_KEY_ID: ***
Detect Infrastructure Drift	Terraform Init	2025-10-18T19:44:12.4851020Z   AWS_SECRET_ACCESS_KEY: ***
Detect Infrastructure Drift	Terraform Init	2025-10-18T19:44:12.4856460Z   AWS_SESSION_TOKEN: ***
Detect Infrastructure Drift	Terraform Init	2025-10-18T19:44:12.4856871Z   TERRAFORM_CLI_PATH: /home/runner/work/_temp/81084275-98f9-45fc-ad48-d7c56e75050e
Detect Infrastructure Drift	Terraform Init	2025-10-18T19:44:12.4857316Z ##[endgroup]
Detect Infrastructure Drift	Terraform Init	2025-10-18T19:44:14.2511131Z 
Detect Infrastructure Drift	Terraform Init	2025-10-18T19:44:14.2512364Z [0m[1mInitializing the backend...[0m
Detect Infrastructure Drift	Terraform Init	2025-10-18T19:44:15.6174117Z [0m[32m
Detect Infrastructure Drift	Terraform Init	2025-10-18T19:44:15.6174804Z Successfully configured the backend "s3"! Terraform will automatically
Detect Infrastructure Drift	Terraform Init	2025-10-18T19:44:15.6175729Z use this backend unless the backend configuration changes.[0m
Detect Infrastructure Drift	Terraform Init	2025-10-18T19:44:16.6808270Z 
Detect Infrastructure Drift	Terraform Init	2025-10-18T19:44:16.6809488Z [0m[1mInitializing provider plugins...[0m
Detect Infrastructure Drift	Terraform Init	2025-10-18T19:44:16.6810219Z - Finding hashicorp/aws versions matching "~> 5.0"...
Detect Infrastructure Drift	Terraform Init	2025-10-18T19:44:17.5372710Z - Installing hashicorp/aws v5.100.0...
Detect Infrastructure Drift	Terraform Init	2025-10-18T19:44:21.4530554Z - Installed hashicorp/aws v5.100.0 (signed by HashiCorp)
Detect Infrastructure Drift	Terraform Init	2025-10-18T19:44:21.4531853Z 
Detect Infrastructure Drift	Terraform Init	2025-10-18T19:44:21.4532657Z Terraform has created a lock file [1m.terraform.lock.hcl[0m to record the provider
Detect Infrastructure Drift	Terraform Init	2025-10-18T19:44:21.4533613Z selections it made above. Include this file in your version control repository
Detect Infrastructure Drift	Terraform Init	2025-10-18T19:44:21.4534601Z so that Terraform can guarantee to make the same selections by default when
Detect Infrastructure Drift	Terraform Init	2025-10-18T19:44:21.4535489Z you run "terraform init" in the future.[0m
Detect Infrastructure Drift	Terraform Init	2025-10-18T19:44:21.4536071Z 
Detect Infrastructure Drift	Terraform Init	2025-10-18T19:44:21.4536808Z [0m[1m[32mTerraform has been successfully initialized![0m[32m[0m
Detect Infrastructure Drift	Terraform Init	2025-10-18T19:44:21.4537729Z [0m[32m
Detect Infrastructure Drift	Terraform Init	2025-10-18T19:44:21.4539167Z You may now begin working with Terraform. Try running "terraform plan" to see
Detect Infrastructure Drift	Terraform Init	2025-10-18T19:44:21.4540199Z any changes that are required for your infrastructure. All Terraform commands
Detect Infrastructure Drift	Terraform Init	2025-10-18T19:44:21.4540885Z should now work.
Detect Infrastructure Drift	Terraform Init	2025-10-18T19:44:21.4541146Z 
Detect Infrastructure Drift	Terraform Init	2025-10-18T19:44:21.4541479Z If you ever set or change modules or backend configuration for Terraform,
Detect Infrastructure Drift	Terraform Init	2025-10-18T19:44:21.4542392Z rerun this command to reinitialize your working directory. If you forget, other
Detect Infrastructure Drift	Terraform Init	2025-10-18T19:44:21.4543455Z commands will detect it and remind you to do so if necessary.[0m
Detect Infrastructure Drift	Terraform Plan (Detect Drift)	ï»¿2025-10-18T19:44:21.4957941Z ##[group]Run set +e
Detect Infrastructure Drift	Terraform Plan (Detect Drift)	2025-10-18T19:44:21.4958266Z [36;1mset +e[0m
Detect Infrastructure Drift	Terraform Plan (Detect Drift)	2025-10-18T19:44:21.4958611Z [36;1mterraform plan -input=false -detailed-exitcode -no-color \[0m
Detect Infrastructure Drift	Terraform Plan (Detect Drift)	2025-10-18T19:44:21.4959019Z [36;1m  -var="environment=dev" \[0m
Detect Infrastructure Drift	Terraform Plan (Detect Drift)	2025-10-18T19:44:21.4959335Z [36;1m  -var="project_name=attendance-app" \[0m
Detect Infrastructure Drift	Terraform Plan (Detect Drift)	2025-10-18T19:44:21.4959670Z [36;1m  -var="domain_name=tech-with-tobi.com" \[0m
Detect Infrastructure Drift	Terraform Plan (Detect Drift)	2025-10-18T19:44:21.4960213Z [36;1m  -var="route53_zone_name=tech-with-tobi.com" \[0m
Detect Infrastructure Drift	Terraform Plan (Detect Drift)	2025-10-18T19:44:21.4960544Z [36;1m  -var="create_route53_record=true" \[0m
Detect Infrastructure Drift	Terraform Plan (Detect Drift)	2025-10-18T19:44:21.4960848Z [36;1m  -var="desired_count=2" \[0m
Detect Infrastructure Drift	Terraform Plan (Detect Drift)	2025-10-18T19:44:21.4961398Z [36;1m  -var="db_username=***" \[0m
Detect Infrastructure Drift	Terraform Plan (Detect Drift)	2025-10-18T19:44:21.4961754Z [36;1m  -var="db_password=***" \[0m
Detect Infrastructure Drift	Terraform Plan (Detect Drift)	2025-10-18T19:44:21.4962051Z [36;1m  -out=tfplan 2>&1 | tee plan_output.txt[0m
Detect Infrastructure Drift	Terraform Plan (Detect Drift)	2025-10-18T19:44:21.4962351Z [36;1mEXIT_CODE=$?[0m
Detect Infrastructure Drift	Terraform Plan (Detect Drift)	2025-10-18T19:44:21.4962621Z [36;1mecho "exit_code=$EXIT_CODE" >> $GITHUB_OUTPUT[0m
Detect Infrastructure Drift	Terraform Plan (Detect Drift)	2025-10-18T19:44:21.4962920Z [36;1mexit 0[0m
Detect Infrastructure Drift	Terraform Plan (Detect Drift)	2025-10-18T19:44:21.4991525Z shell: /usr/bin/bash -e {0}
Detect Infrastructure Drift	Terraform Plan (Detect Drift)	2025-10-18T19:44:21.4991790Z env:
Detect Infrastructure Drift	Terraform Plan (Detect Drift)	2025-10-18T19:44:21.4991993Z   TF_VERSION: 1.6.0
Detect Infrastructure Drift	Terraform Plan (Detect Drift)	2025-10-18T19:44:21.4992222Z   AWS_REGION: eu-west-2
Detect Infrastructure Drift	Terraform Plan (Detect Drift)	2025-10-18T19:44:21.4992474Z   AWS_DEFAULT_REGION: eu-west-2
Detect Infrastructure Drift	Terraform Plan (Detect Drift)	2025-10-18T19:44:21.4992783Z   AWS_ACCESS_KEY_ID: ***
Detect Infrastructure Drift	Terraform Plan (Detect Drift)	2025-10-18T19:44:21.4993128Z   AWS_SECRET_ACCESS_KEY: ***
Detect Infrastructure Drift	Terraform Plan (Detect Drift)	2025-10-18T19:44:21.4998151Z   AWS_SESSION_TOKEN: ***
Detect Infrastructure Drift	Terraform Plan (Detect Drift)	2025-10-18T19:44:21.4998534Z   TERRAFORM_CLI_PATH: /home/runner/work/_temp/81084275-98f9-45fc-ad48-d7c56e75050e
Detect Infrastructure Drift	Terraform Plan (Detect Drift)	2025-10-18T19:44:21.4998925Z ##[endgroup]
Detect Infrastructure Drift	Terraform Plan (Detect Drift)	2025-10-18T19:44:24.0646600Z Acquiring state lock. This may take a few moments...
Detect Infrastructure Drift	Terraform Plan (Detect Drift)	2025-10-18T19:44:26.7678641Z aws_ecs_cluster.main: Refreshing state... [id=arn:aws:ecs:eu-west-2:180048382895:cluster/attendance-app-dev-cluster]
Detect Infrastructure Drift	Terraform Plan (Detect Drift)	2025-10-18T19:44:26.7682473Z data.aws_region.current: Reading...
Detect Infrastructure Drift	Terraform Plan (Detect Drift)	2025-10-18T19:44:26.7686228Z aws_cloudwatch_log_group.ecs: Refreshing state... [id=/ecs/attendance-app-dev]
Detect Infrastructure Drift	Terraform Plan (Detect Drift)	2025-10-18T19:44:26.7688209Z aws_vpc.main: Refreshing state... [id=vpc-0fb44cd87b386c446]
Detect Infrastructure Drift	Terraform Plan (Detect Drift)	2025-10-18T19:44:26.7696283Z aws_iam_role.ecs_task_execution: Refreshing state... [id=attendance-app-dev-ecs-exec-role]
Detect Infrastructure Drift	Terraform Plan (Detect Drift)	2025-10-18T19:44:26.7699388Z aws_acm_certificate.main[0]: Refreshing state... [id=arn:aws:acm:eu-west-2:180048382895:certificate/73ec0d4c-e0c0-4b95-8fa5-d886a4632548]
Detect Infrastructure Drift	Terraform Plan (Detect Drift)	2025-10-18T19:44:26.7700430Z data.aws_caller_identity.current: Reading...
Detect Infrastructure Drift	Terraform Plan (Detect Drift)	2025-10-18T19:44:26.7701003Z data.aws_route53_zone.main[0]: Reading...
Detect Infrastructure Drift	Terraform Plan (Detect Drift)	2025-10-18T19:44:26.7701656Z aws_ecr_repository.main: Refreshing state... [id=attendance-app-dev]
Detect Infrastructure Drift	Terraform Plan (Detect Drift)	2025-10-18T19:44:26.7702495Z aws_iam_role.ecs_task: Refreshing state... [id=attendance-app-dev-ecs-task-role]
Detect Infrastructure Drift	Terraform Plan (Detect Drift)	2025-10-18T19:44:26.7740099Z data.aws_region.current: Read complete after 0s [id=eu-west-2]
Detect Infrastructure Drift	Terraform Plan (Detect Drift)	2025-10-18T19:44:26.8672361Z data.aws_caller_identity.current: Read complete after 0s [id=180048382895]
Detect Infrastructure Drift	Terraform Plan (Detect Drift)	2025-10-18T19:44:27.0456435Z data.aws_route53_zone.main[0]: Read complete after 0s [id=Z0263565359IBMRU1XEIY]
Detect Infrastructure Drift	Terraform Plan (Detect Drift)	2025-10-18T19:44:27.1173052Z aws_iam_role_policy_attachment.ecs_task_execution: Refreshing state... [id=attendance-app-dev-ecs-exec-role-20251018185710721300000002]
Detect Infrastructure Drift	Terraform Plan (Detect Drift)	2025-10-18T19:44:27.4923473Z aws_route53_record.cert_validation["tech-with-tobi.com"]: Refreshing state... [id=Z0263565359IBMRU1XEIY__9279ec20121d56ab48bcc1690e77a1bc.tech-with-tobi.com._CNAME]
Detect Infrastructure Drift	Terraform Plan (Detect Drift)	2025-10-18T19:44:27.5730079Z aws_acm_certificate_validation.main[0]: Refreshing state... [id=2025-10-18 18:57:26.693 +0000 UTC]
Detect Infrastructure Drift	Terraform Plan (Detect Drift)	2025-10-18T19:44:28.5071651Z aws_internet_gateway.main: Refreshing state... [id=igw-07c3fc0c241ba9d86]
Detect Infrastructure Drift	Terraform Plan (Detect Drift)	2025-10-18T19:44:28.5080798Z aws_security_group.alb: Refreshing state... [id=sg-02d9b7a0f6b9c2330]
Detect Infrastructure Drift	Terraform Plan (Detect Drift)	2025-10-18T19:44:28.5081649Z aws_subnet.public[0]: Refreshing state... [id=subnet-0601685bb302d05c5]
Detect Infrastructure Drift	Terraform Plan (Detect Drift)	2025-10-18T19:44:28.5082488Z aws_subnet.private_db[0]: Refreshing state... [id=subnet-053a5ded5721073e0]
Detect Infrastructure Drift	Terraform Plan (Detect Drift)	2025-10-18T19:44:28.5083245Z aws_subnet.private_app[0]: Refreshing state... [id=subnet-03f65b0de4ead35b0]
Detect Infrastructure Drift	Terraform Plan (Detect Drift)	2025-10-18T19:44:28.5084014Z aws_lb_target_group.main: Refreshing state... [id=arn:aws:elasticloadbalancing:eu-west-2:180048382895:targetgroup/attendance-app-dev-tg/481cc5c8a3fc30e8]
Detect Infrastructure Drift	Terraform Plan (Detect Drift)	2025-10-18T19:44:28.5085110Z aws_subnet.private_db[1]: Refreshing state... [id=subnet-0ea8a4544cb8fbd82]
Detect Infrastructure Drift	Terraform Plan (Detect Drift)	2025-10-18T19:44:28.5085581Z aws_subnet.public[1]: Refreshing state... [id=subnet-0f18224ca573dd613]
Detect Infrastructure Drift	Terraform Plan (Detect Drift)	2025-10-18T19:44:28.5086054Z aws_subnet.private_app[1]: Refreshing state... [id=subnet-033b86dc6bedc61a8]
Detect Infrastructure Drift	Terraform Plan (Detect Drift)	2025-10-18T19:44:28.6584032Z aws_eip.nat: Refreshing state... [id=eipalloc-0734a01c4ff681883]
Detect Infrastructure Drift	Terraform Plan (Detect Drift)	2025-10-18T19:44:28.7255456Z aws_route_table.public: Refreshing state... [id=rtb-0a35ef928010f5fcf]
Detect Infrastructure Drift	Terraform Plan (Detect Drift)	2025-10-18T19:44:28.8500519Z aws_ecr_lifecycle_policy.main: Refreshing state... [id=attendance-app-dev]
Detect Infrastructure Drift	Terraform Plan (Detect Drift)	2025-10-18T19:44:29.0180318Z aws_security_group.ecs_tasks: Refreshing state... [id=sg-05abdadc02c0e5ef0]
Detect Infrastructure Drift	Terraform Plan (Detect Drift)	2025-10-18T19:44:29.2243807Z aws_db_subnet_group.main: Refreshing state... [id=attendance-app-dev-db-subnet]
Detect Infrastructure Drift	Terraform Plan (Detect Drift)	2025-10-18T19:44:29.2413633Z aws_security_group.rds: Refreshing state... [id=sg-0706534beb97ad7c8]
Detect Infrastructure Drift	Terraform Plan (Detect Drift)	2025-10-18T19:44:29.2536851Z aws_route_table_association.public[0]: Refreshing state... [id=rtbassoc-01a4ade91249fe83e]
Detect Infrastructure Drift	Terraform Plan (Detect Drift)	2025-10-18T19:44:29.2538575Z aws_route_table_association.public[1]: Refreshing state... [id=rtbassoc-08e869de80e6007fb]
Detect Infrastructure Drift	Terraform Plan (Detect Drift)	2025-10-18T19:44:29.2566018Z aws_lb.main: Refreshing state... [id=arn:aws:elasticloadbalancing:eu-west-2:180048382895:loadbalancer/app/attendance-app-dev-alb/bfa1c22d9e4a0569]
Detect Infrastructure Drift	Terraform Plan (Detect Drift)	2025-10-18T19:44:29.4059442Z aws_nat_gateway.main: Refreshing state... [id=nat-04ae25b3e1a937941]
Detect Infrastructure Drift	Terraform Plan (Detect Drift)	2025-10-18T19:44:29.5423881Z aws_route_table.private: Refreshing state... [id=rtb-09f89522971091526]
Detect Infrastructure Drift	Terraform Plan (Detect Drift)	2025-10-18T19:44:29.6977279Z aws_route_table_association.private_app[0]: Refreshing state... [id=rtbassoc-0ce3520466fec3cc4]
Detect Infrastructure Drift	Terraform Plan (Detect Drift)	2025-10-18T19:44:29.6978315Z aws_route_table_association.private_db[0]: Refreshing state... [id=rtbassoc-0fa9bb8f6d0b10e1c]
Detect Infrastructure Drift	Terraform Plan (Detect Drift)	2025-10-18T19:44:29.6978953Z aws_route_table_association.private_db[1]: Refreshing state... [id=rtbassoc-082dd99a3c9fc835b]
Detect Infrastructure Drift	Terraform Plan (Detect Drift)	2025-10-18T19:44:29.6979594Z aws_route_table_association.private_app[1]: Refreshing state... [id=rtbassoc-08e9a997f8aa3cd02]
Detect Infrastructure Drift	Terraform Plan (Detect Drift)	2025-10-18T19:44:30.0091886Z aws_route53_record.main[0]: Refreshing state... [id=Z0263565359IBMRU1XEIY_tech-with-tobi.com_A]
Detect Infrastructure Drift	Terraform Plan (Detect Drift)	2025-10-18T19:44:30.0098392Z aws_lb_listener.https[0]: Refreshing state... [id=arn:aws:elasticloadbalancing:eu-west-2:180048382895:listener/app/attendance-app-dev-alb/bfa1c22d9e4a0569/2329dce02bb53807]
Detect Infrastructure Drift	Terraform Plan (Detect Drift)	2025-10-18T19:44:30.0101026Z aws_lb_listener.http: Refreshing state... [id=arn:aws:elasticloadbalancing:eu-west-2:180048382895:listener/app/attendance-app-dev-alb/bfa1c22d9e4a0569/151d4e02e2569ec1]
Detect Infrastructure Drift	Terraform Plan (Detect Drift)	2025-10-18T19:44:30.1231443Z aws_db_instance.main: Refreshing state... [id=db-HFTOQX7PWQSYGAJOIDCR6JVRRE]
Detect Infrastructure Drift	Terraform Plan (Detect Drift)	2025-10-18T19:44:30.3145899Z aws_ecs_task_definition.main: Refreshing state... [id=attendance-app-dev]
Detect Infrastructure Drift	Terraform Plan (Detect Drift)	2025-10-18T19:44:30.4440324Z aws_ecs_service.main: Refreshing state... [id=arn:aws:ecs:eu-west-2:180048382895:service/attendance-app-dev-cluster/attendance-app-dev-service]
Detect Infrastructure Drift	Terraform Plan (Detect Drift)	2025-10-18T19:44:30.7056159Z aws_cloudwatch_dashboard.main: Refreshing state... [id=attendance-app-dev-dashboard]
Detect Infrastructure Drift	Terraform Plan (Detect Drift)	2025-10-18T19:44:31.6187120Z 
Detect Infrastructure Drift	Terraform Plan (Detect Drift)	2025-10-18T19:44:31.6188176Z Terraform used the selected providers to generate the following execution
Detect Infrastructure Drift	Terraform Plan (Detect Drift)	2025-10-18T19:44:31.6189219Z plan. Resource actions are indicated with the following symbols:
Detect Infrastructure Drift	Terraform Plan (Detect Drift)	2025-10-18T19:44:31.6189918Z   ~ update in-place
Detect Infrastructure Drift	Terraform Plan (Detect Drift)	2025-10-18T19:44:31.6190255Z 
Detect Infrastructure Drift	Terraform Plan (Detect Drift)	2025-10-18T19:44:31.6190542Z Terraform will perform the following actions:
Detect Infrastructure Drift	Terraform Plan (Detect Drift)	2025-10-18T19:44:31.6190956Z 
Detect Infrastructure Drift	Terraform Plan (Detect Drift)	2025-10-18T19:44:31.6191186Z   # aws_ecs_service.main will be updated in-place
Detect Infrastructure Drift	Terraform Plan (Detect Drift)	2025-10-18T19:44:31.6191751Z   ~ resource "aws_ecs_service" "main" {
Detect Infrastructure Drift	Terraform Plan (Detect Drift)	2025-10-18T19:44:31.6192279Z       ~ desired_count                      = 4 -> 2
Detect Infrastructure Drift	Terraform Plan (Detect Drift)	2025-10-18T19:44:31.6193158Z         id                                 = "arn:aws:ecs:eu-west-2:180048382895:service/attendance-app-dev-cluster/attendance-app-dev-service"
Detect Infrastructure Drift	Terraform Plan (Detect Drift)	2025-10-18T19:44:31.6194161Z         name                               = "attendance-app-dev-service"
Detect Infrastructure Drift	Terraform Plan (Detect Drift)	2025-10-18T19:44:31.6195035Z         tags                               = {
Detect Infrastructure Drift	Terraform Plan (Detect Drift)	2025-10-18T19:44:31.6195583Z             "Name" = "attendance-app-dev-service"
Detect Infrastructure Drift	Terraform Plan (Detect Drift)	2025-10-18T19:44:31.6196107Z         }
Detect Infrastructure Drift	Terraform Plan (Detect Drift)	2025-10-18T19:44:31.6197253Z       ~ task_definition                    = "arn:aws:ecs:eu-west-2:180048382895:task-definition/attendance-app-dev:16" -> "arn:aws:ecs:eu-west-2:180048382895:task-definition/attendance-app-dev:15"
Detect Infrastructure Drift	Terraform Plan (Detect Drift)	2025-10-18T19:44:31.6198934Z         # (15 unchanged attributes hidden)
Detect Infrastructure Drift	Terraform Plan (Detect Drift)	2025-10-18T19:44:31.6199287Z 
Detect Infrastructure Drift	Terraform Plan (Detect Drift)	2025-10-18T19:44:31.6199483Z         # (4 unchanged blocks hidden)
Detect Infrastructure Drift	Terraform Plan (Detect Drift)	2025-10-18T19:44:31.6199940Z     }
Detect Infrastructure Drift	Terraform Plan (Detect Drift)	2025-10-18T19:44:31.6200112Z 
Detect Infrastructure Drift	Terraform Plan (Detect Drift)	2025-10-18T19:44:31.6200305Z Plan: 0 to add, 1 to change, 0 to destroy.
Detect Infrastructure Drift	Terraform Plan (Detect Drift)	2025-10-18T19:44:31.6200664Z 
Detect Infrastructure Drift	Terraform Plan (Detect Drift)	2025-10-18T19:44:31.6201381Z â”€â”€â”€â”€â”€â”€â”€â”€â”€â”€â”€â”€â”€â”€â”€â”€â”€â”€â”€â”€â”€â”€â”€â”€â”€â”€â”€â”€â”€â”€â”€â”€â”€â”€â”€â”€â”€â”€â”€â”€â”€â”€â”€â”€â”€â”€â”€â”€â”€â”€â”€â”€â”€â”€â”€â”€â”€â”€â”€â”€â”€â”€â”€â”€â”€â”€â”€â”€â”€â”€â”€â”€â”€â”€â”€â”€â”€
Detect Infrastructure Drift	Terraform Plan (Detect Drift)	2025-10-18T19:44:31.6201780Z 
Detect Infrastructure Drift	Terraform Plan (Detect Drift)	2025-10-18T19:44:31.6201950Z Saved the plan to: tfplan
Detect Infrastructure Drift	Terraform Plan (Detect Drift)	2025-10-18T19:44:31.6202204Z 
Detect Infrastructure Drift	Terraform Plan (Detect Drift)	2025-10-18T19:44:31.6202520Z To perform exactly these actions, run the following command to apply:
Detect Infrastructure Drift	Terraform Plan (Detect Drift)	2025-10-18T19:44:31.6203163Z     terraform apply "tfplan"
Detect Infrastructure Drift	Check for Drift	ï»¿2025-10-18T19:44:31.8278666Z ##[group]Run if [ "0" == "2" ]; then
Detect Infrastructure Drift	Check for Drift	2025-10-18T19:44:31.8279019Z [36;1mif [ "0" == "2" ]; then[0m
Detect Infrastructure Drift	Check for Drift	2025-10-18T19:44:31.8279327Z [36;1m  echo "drift_detected=true" >> $GITHUB_OUTPUT[0m
Detect Infrastructure Drift	Check for Drift	2025-10-18T19:44:31.8279665Z [36;1m  echo "ðŸš¨ Drift detected!"[0m
Detect Infrastructure Drift	Check for Drift	2025-10-18T19:44:31.8279950Z [36;1melse[0m
Detect Infrastructure Drift	Check for Drift	2025-10-18T19:44:31.8280213Z [36;1m  echo "drift_detected=false" >> $GITHUB_OUTPUT[0m
Detect Infrastructure Drift	Check for Drift	2025-10-18T19:44:31.8280536Z [36;1m  echo "âœ… No drift detected"[0m
Detect Infrastructure Drift	Check for Drift	2025-10-18T19:44:31.8280805Z [36;1mfi[0m
Detect Infrastructure Drift	Check for Drift	2025-10-18T19:44:31.8308782Z shell: /usr/bin/bash -e {0}
Detect Infrastructure Drift	Check for Drift	2025-10-18T19:44:31.8309050Z env:
Detect Infrastructure Drift	Check for Drift	2025-10-18T19:44:31.8309251Z   TF_VERSION: 1.6.0
Detect Infrastructure Drift	Check for Drift	2025-10-18T19:44:31.8309480Z   AWS_REGION: eu-west-2
Detect Infrastructure Drift	Check for Drift	2025-10-18T19:44:31.8309729Z   AWS_DEFAULT_REGION: eu-west-2
Detect Infrastructure Drift	Check for Drift	2025-10-18T19:44:31.8310069Z   AWS_ACCESS_KEY_ID: ***
Detect Infrastructure Drift	Check for Drift	2025-10-18T19:44:31.8310415Z   AWS_SECRET_ACCESS_KEY: ***
Detect Infrastructure Drift	Check for Drift	2025-10-18T19:44:31.8315242Z   AWS_SESSION_TOKEN: ***
Detect Infrastructure Drift	Check for Drift	2025-10-18T19:44:31.8315621Z   TERRAFORM_CLI_PATH: /home/runner/work/_temp/81084275-98f9-45fc-ad48-d7c56e75050e
Detect Infrastructure Drift	Check for Drift	2025-10-18T19:44:31.8316050Z ##[endgroup]
Detect Infrastructure Drift	Check for Drift	2025-10-18T19:44:31.8362033Z âœ… No drift detected
Detect Infrastructure Drift	Summary	ï»¿2025-10-18T19:44:31.8414322Z ##[group]Run if [ "false" == "true" ]; then
Detect Infrastructure Drift	Summary	2025-10-18T19:44:31.8414700Z [36;1mif [ "false" == "true" ]; then[0m
Detect Infrastructure Drift	Summary	2025-10-18T19:44:31.8415083Z [36;1m  echo "### ðŸš¨ Drift Detected!" >> $GITHUB_STEP_SUMMARY[0m
Detect Infrastructure Drift	Summary	2025-10-18T19:44:31.8415439Z [36;1m  echo "" >> $GITHUB_STEP_SUMMARY[0m
Detect Infrastructure Drift	Summary	2025-10-18T19:44:31.8415770Z [36;1m  echo "**Time:** $(date -u)" >> $GITHUB_STEP_SUMMARY[0m
Detect Infrastructure Drift	Summary	2025-10-18T19:44:31.8416153Z [36;1m  echo "**Notifications:** âœ… Sent" >> $GITHUB_STEP_SUMMARY[0m
Detect Infrastructure Drift	Summary	2025-10-18T19:44:31.8416488Z [36;1melse[0m
Detect Infrastructure Drift	Summary	2025-10-18T19:44:31.8416759Z [36;1m  echo "### âœ… No Drift Detected" >> $GITHUB_STEP_SUMMARY[0m
Detect Infrastructure Drift	Summary	2025-10-18T19:44:31.8417092Z [36;1m  echo "" >> $GITHUB_STEP_SUMMARY[0m
Detect Infrastructure Drift	Summary	2025-10-18T19:44:31.8417618Z [36;1m  echo "**Time:** $(date -u)" >> $GITHUB_STEP_SUMMARY[0m
Detect Infrastructure Drift	Summary	2025-10-18T19:44:31.8418083Z [36;1m  echo "**Next check:** $(date -u -d '+1 hour' '+%H:00 UTC')" >> $GITHUB_STEP_SUMMARY[0m
Detect Infrastructure Drift	Summary	2025-10-18T19:44:31.8418466Z [36;1mfi[0m
Detect Infrastructure Drift	Summary	2025-10-18T19:44:31.8444289Z shell: /usr/bin/bash -e {0}
Detect Infrastructure Drift	Summary	2025-10-18T19:44:31.8444590Z env:
Detect Infrastructure Drift	Summary	2025-10-18T19:44:31.8444796Z   TF_VERSION: 1.6.0
Detect Infrastructure Drift	Summary	2025-10-18T19:44:31.8445029Z   AWS_REGION: eu-west-2
Detect Infrastructure Drift	Summary	2025-10-18T19:44:31.8445276Z   AWS_DEFAULT_REGION: eu-west-2
Detect Infrastructure Drift	Summary	2025-10-18T19:44:31.8445601Z   AWS_ACCESS_KEY_ID: ***
Detect Infrastructure Drift	Summary	2025-10-18T19:44:31.8445945Z   AWS_SECRET_ACCESS_KEY: ***
Detect Infrastructure Drift	Summary	2025-10-18T19:44:31.8450993Z   AWS_SESSION_TOKEN: ***
Detect Infrastructure Drift	Summary	2025-10-18T19:44:31.8451373Z   TERRAFORM_CLI_PATH: /home/runner/work/_temp/81084275-98f9-45fc-ad48-d7c56e75050e
Detect Infrastructure Drift	Summary	2025-10-18T19:44:31.8451756Z ##[endgroup]
Detect Infrastructure Drift	Post Configure AWS credentials	ï»¿2025-10-18T19:44:31.8608957Z Post job cleanup.
Detect Infrastructure Drift	Post Checkout code	ï»¿2025-10-18T19:44:31.9913613Z Post job cleanup.
Detect Infrastructure Drift	Post Checkout code	2025-10-18T19:44:32.0887771Z [command]/usr/bin/git version
Detect Infrastructure Drift	Post Checkout code	2025-10-18T19:44:32.0934144Z git version 2.51.0
Detect Infrastructure Drift	Post Checkout code	2025-10-18T19:44:32.0999580Z Temporarily overriding HOME='/home/runner/work/_temp/107090ee-07a7-4804-a013-5bd1ca24bb38' before making global git config changes
Detect Infrastructure Drift	Post Checkout code	2025-10-18T19:44:32.1000597Z Adding repository directory to the temporary git global config as a safe directory
Detect Infrastructure Drift	Post Checkout code	2025-10-18T19:44:32.1017778Z [command]/usr/bin/git config --global --add safe.directory /home/runner/work/attendance-app/attendance-app
Detect Infrastructure Drift	Post Checkout code	2025-10-18T19:44:32.1059578Z [command]/usr/bin/git config --local --name-only --get-regexp core\.sshCommand
Detect Infrastructure Drift	Post Checkout code	2025-10-18T19:44:32.1099860Z [command]/usr/bin/git submodule foreach --recursive sh -c "git config --local --name-only --get-regexp 'core\.sshCommand' && git config --local --unset-all 'core.sshCommand' || :"
Detect Infrastructure Drift	Post Checkout code	2025-10-18T19:44:32.1373653Z [command]/usr/bin/git config --local --name-only --get-regexp http\.https\:\/\/github\.com\/\.extraheader
Detect Infrastructure Drift	Post Checkout code	2025-10-18T19:44:32.1396940Z http.https://github.com/.extraheader
Detect Infrastructure Drift	Post Checkout code	2025-10-18T19:44:32.1414295Z [command]/usr/bin/git config --local --unset-all http.https://github.com/.extraheader
Detect Infrastructure Drift	Post Checkout code	2025-10-18T19:44:32.1450568Z [command]/usr/bin/git submodule foreach --recursive sh -c "git config --local --name-only --get-regexp 'http\.https\:\/\/github\.com\/\.extraheader' && git config --local --unset-all 'http.https://github.com/.extraheader' || :"
Detect Infrastructure Drift	Complete job	ï»¿2025-10-18T19:44:32.1822333Z Cleaning up orphan processes
