Detect Infrastructure Drift	Set up job	﻿2025-10-18T20:21:51.1010645Z Current runner version: '2.329.0'
Detect Infrastructure Drift	Set up job	2025-10-18T20:21:51.1037139Z ##[group]Runner Image Provisioner
Detect Infrastructure Drift	Set up job	2025-10-18T20:21:51.1038092Z Hosted Compute Agent
Detect Infrastructure Drift	Set up job	2025-10-18T20:21:51.1038662Z Version: 20251013.424
Detect Infrastructure Drift	Set up job	2025-10-18T20:21:51.1039291Z Commit: cfdd8bfed34d71a55b72df4d2e82343c3fc2bab3
Detect Infrastructure Drift	Set up job	2025-10-18T20:21:51.1040070Z Build Date: 2025-10-13T20:22:23Z
Detect Infrastructure Drift	Set up job	2025-10-18T20:21:51.1040654Z ##[endgroup]
Detect Infrastructure Drift	Set up job	2025-10-18T20:21:51.1041182Z ##[group]Operating System
Detect Infrastructure Drift	Set up job	2025-10-18T20:21:51.1041832Z Ubuntu
Detect Infrastructure Drift	Set up job	2025-10-18T20:21:51.1042802Z 24.04.3
Detect Infrastructure Drift	Set up job	2025-10-18T20:21:51.1043398Z LTS
Detect Infrastructure Drift	Set up job	2025-10-18T20:21:51.1043943Z ##[endgroup]
Detect Infrastructure Drift	Set up job	2025-10-18T20:21:51.1044477Z ##[group]Runner Image
Detect Infrastructure Drift	Set up job	2025-10-18T20:21:51.1045096Z Image: ubuntu-24.04
Detect Infrastructure Drift	Set up job	2025-10-18T20:21:51.1045641Z Version: 20251014.76.1
Detect Infrastructure Drift	Set up job	2025-10-18T20:21:51.1046725Z Included Software: https://github.com/actions/runner-images/blob/ubuntu24/20251014.76/images/ubuntu/Ubuntu2404-Readme.md
Detect Infrastructure Drift	Set up job	2025-10-18T20:21:51.1048221Z Image Release: https://github.com/actions/runner-images/releases/tag/ubuntu24%2F20251014.76
Detect Infrastructure Drift	Set up job	2025-10-18T20:21:51.1049440Z ##[endgroup]
Detect Infrastructure Drift	Set up job	2025-10-18T20:21:51.1050570Z ##[group]GITHUB_TOKEN Permissions
Detect Infrastructure Drift	Set up job	2025-10-18T20:21:51.1052880Z Contents: read
Detect Infrastructure Drift	Set up job	2025-10-18T20:21:51.1053567Z Issues: write
Detect Infrastructure Drift	Set up job	2025-10-18T20:21:51.1054102Z Metadata: read
Detect Infrastructure Drift	Set up job	2025-10-18T20:21:51.1054638Z ##[endgroup]
Detect Infrastructure Drift	Set up job	2025-10-18T20:21:51.1057003Z Secret source: Actions
Detect Infrastructure Drift	Set up job	2025-10-18T20:21:51.1057866Z Prepare workflow directory
Detect Infrastructure Drift	Set up job	2025-10-18T20:21:51.1483724Z Prepare all required actions
Detect Infrastructure Drift	Set up job	2025-10-18T20:21:51.1523870Z Getting action download info
Detect Infrastructure Drift	Set up job	2025-10-18T20:21:51.6260750Z Download action repository 'actions/checkout@v4' (SHA:08eba0b27e820071cde6df949e0beb9ba4906955)
Detect Infrastructure Drift	Set up job	2025-10-18T20:21:51.8206774Z Download action repository 'aws-actions/configure-aws-credentials@v4' (SHA:7474bc4690e29a8392af63c5b98e7449536d5c3a)
Detect Infrastructure Drift	Set up job	2025-10-18T20:21:52.3579989Z Download action repository 'hashicorp/setup-terraform@v3' (SHA:b9cd54a3c349d3f38e8881555d616ced269862dd)
Detect Infrastructure Drift	Set up job	2025-10-18T20:21:52.9701487Z Complete job name: Detect Infrastructure Drift
Detect Infrastructure Drift	Checkout code	﻿2025-10-18T20:21:53.0568602Z ##[group]Run actions/checkout@v4
Detect Infrastructure Drift	Checkout code	2025-10-18T20:21:53.0570128Z with:
Detect Infrastructure Drift	Checkout code	2025-10-18T20:21:53.0571094Z   repository: tobiakinlade/attendance-app
Detect Infrastructure Drift	Checkout code	2025-10-18T20:21:53.0572793Z   token: ***
Detect Infrastructure Drift	Checkout code	2025-10-18T20:21:53.0573681Z   ssh-strict: true
Detect Infrastructure Drift	Checkout code	2025-10-18T20:21:53.0574586Z   ssh-user: git
Detect Infrastructure Drift	Checkout code	2025-10-18T20:21:53.0575520Z   persist-credentials: true
Detect Infrastructure Drift	Checkout code	2025-10-18T20:21:53.0576536Z   clean: true
Detect Infrastructure Drift	Checkout code	2025-10-18T20:21:53.0577456Z   sparse-checkout-cone-mode: true
Detect Infrastructure Drift	Checkout code	2025-10-18T20:21:53.0578564Z   fetch-depth: 1
Detect Infrastructure Drift	Checkout code	2025-10-18T20:21:53.0579464Z   fetch-tags: false
Detect Infrastructure Drift	Checkout code	2025-10-18T20:21:53.0580384Z   show-progress: true
Detect Infrastructure Drift	Checkout code	2025-10-18T20:21:53.0581324Z   lfs: false
Detect Infrastructure Drift	Checkout code	2025-10-18T20:21:53.0582376Z   submodules: false
Detect Infrastructure Drift	Checkout code	2025-10-18T20:21:53.0583366Z   set-safe-directory: true
Detect Infrastructure Drift	Checkout code	2025-10-18T20:21:53.0584715Z env:
Detect Infrastructure Drift	Checkout code	2025-10-18T20:21:53.0585879Z   TF_VERSION: 1.6.0
Detect Infrastructure Drift	Checkout code	2025-10-18T20:21:53.0586971Z   AWS_REGION: eu-west-2
Detect Infrastructure Drift	Checkout code	2025-10-18T20:21:53.0588058Z ##[endgroup]
Detect Infrastructure Drift	Checkout code	2025-10-18T20:21:53.1743837Z Syncing repository: tobiakinlade/attendance-app
Detect Infrastructure Drift	Checkout code	2025-10-18T20:21:53.1746983Z ##[group]Getting Git version info
Detect Infrastructure Drift	Checkout code	2025-10-18T20:21:53.1748691Z Working directory is '/home/runner/work/attendance-app/attendance-app'
Detect Infrastructure Drift	Checkout code	2025-10-18T20:21:53.1750942Z [command]/usr/bin/git version
Detect Infrastructure Drift	Checkout code	2025-10-18T20:21:53.1858299Z git version 2.51.0
Detect Infrastructure Drift	Checkout code	2025-10-18T20:21:53.1902629Z ##[endgroup]
Detect Infrastructure Drift	Checkout code	2025-10-18T20:21:53.1924441Z Temporarily overriding HOME='/home/runner/work/_temp/e93a2b92-95a3-4d47-857e-ff9e0f2ea7c3' before making global git config changes
Detect Infrastructure Drift	Checkout code	2025-10-18T20:21:53.1927443Z Adding repository directory to the temporary git global config as a safe directory
Detect Infrastructure Drift	Checkout code	2025-10-18T20:21:53.1942451Z [command]/usr/bin/git config --global --add safe.directory /home/runner/work/attendance-app/attendance-app
Detect Infrastructure Drift	Checkout code	2025-10-18T20:21:53.1988838Z Deleting the contents of '/home/runner/work/attendance-app/attendance-app'
Detect Infrastructure Drift	Checkout code	2025-10-18T20:21:53.1993235Z ##[group]Initializing the repository
Detect Infrastructure Drift	Checkout code	2025-10-18T20:21:53.1999829Z [command]/usr/bin/git init /home/runner/work/attendance-app/attendance-app
Detect Infrastructure Drift	Checkout code	2025-10-18T20:21:53.2149494Z hint: Using 'master' as the name for the initial branch. This default branch name
Detect Infrastructure Drift	Checkout code	2025-10-18T20:21:53.2153808Z hint: is subject to change. To configure the initial branch name to use in all
Detect Infrastructure Drift	Checkout code	2025-10-18T20:21:53.2157281Z hint: of your new repositories, which will suppress this warning, call:
Detect Infrastructure Drift	Checkout code	2025-10-18T20:21:53.2159927Z hint:
Detect Infrastructure Drift	Checkout code	2025-10-18T20:21:53.2161711Z hint: 	git config --global init.defaultBranch <name>
Detect Infrastructure Drift	Checkout code	2025-10-18T20:21:53.2164219Z hint:
Detect Infrastructure Drift	Checkout code	2025-10-18T20:21:53.2166381Z hint: Names commonly chosen instead of 'master' are 'main', 'trunk' and
Detect Infrastructure Drift	Checkout code	2025-10-18T20:21:53.2169889Z hint: 'development'. The just-created branch can be renamed via this command:
Detect Infrastructure Drift	Checkout code	2025-10-18T20:21:53.2172905Z hint:
Detect Infrastructure Drift	Checkout code	2025-10-18T20:21:53.2174468Z hint: 	git branch -m <name>
Detect Infrastructure Drift	Checkout code	2025-10-18T20:21:53.2176227Z hint:
Detect Infrastructure Drift	Checkout code	2025-10-18T20:21:53.2178484Z hint: Disable this message with "git config set advice.defaultBranchName false"
Detect Infrastructure Drift	Checkout code	2025-10-18T20:21:53.2182726Z Initialized empty Git repository in /home/runner/work/attendance-app/attendance-app/.git/
Detect Infrastructure Drift	Checkout code	2025-10-18T20:21:53.2189389Z [command]/usr/bin/git remote add origin https://github.com/tobiakinlade/attendance-app
Detect Infrastructure Drift	Checkout code	2025-10-18T20:21:53.2228085Z ##[endgroup]
Detect Infrastructure Drift	Checkout code	2025-10-18T20:21:53.2229686Z ##[group]Disabling automatic garbage collection
Detect Infrastructure Drift	Checkout code	2025-10-18T20:21:53.2233766Z [command]/usr/bin/git config --local gc.auto 0
Detect Infrastructure Drift	Checkout code	2025-10-18T20:21:53.2270592Z ##[endgroup]
Detect Infrastructure Drift	Checkout code	2025-10-18T20:21:53.2272399Z ##[group]Setting up auth
Detect Infrastructure Drift	Checkout code	2025-10-18T20:21:53.2281700Z [command]/usr/bin/git config --local --name-only --get-regexp core\.sshCommand
Detect Infrastructure Drift	Checkout code	2025-10-18T20:21:53.2322215Z [command]/usr/bin/git submodule foreach --recursive sh -c "git config --local --name-only --get-regexp 'core\.sshCommand' && git config --local --unset-all 'core.sshCommand' || :"
Detect Infrastructure Drift	Checkout code	2025-10-18T20:21:53.2674661Z [command]/usr/bin/git config --local --name-only --get-regexp http\.https\:\/\/github\.com\/\.extraheader
Detect Infrastructure Drift	Checkout code	2025-10-18T20:21:53.2705913Z [command]/usr/bin/git submodule foreach --recursive sh -c "git config --local --name-only --get-regexp 'http\.https\:\/\/github\.com\/\.extraheader' && git config --local --unset-all 'http.https://github.com/.extraheader' || :"
Detect Infrastructure Drift	Checkout code	2025-10-18T20:21:53.2933690Z [command]/usr/bin/git config --local http.https://github.com/.extraheader AUTHORIZATION: basic ***
Detect Infrastructure Drift	Checkout code	2025-10-18T20:21:53.2977567Z ##[endgroup]
Detect Infrastructure Drift	Checkout code	2025-10-18T20:21:53.2979127Z ##[group]Fetching the repository
Detect Infrastructure Drift	Checkout code	2025-10-18T20:21:53.2988244Z [command]/usr/bin/git -c protocol.version=2 fetch --no-tags --prune --no-recurse-submodules --depth=1 origin +5c5185fff174eb1614cf388c6bd18e075ce8bf92:refs/remotes/origin/main
Detect Infrastructure Drift	Checkout code	2025-10-18T20:21:53.7026354Z From https://github.com/tobiakinlade/attendance-app
Detect Infrastructure Drift	Checkout code	2025-10-18T20:21:53.7028246Z  * [new ref]         5c5185fff174eb1614cf388c6bd18e075ce8bf92 -> origin/main
Detect Infrastructure Drift	Checkout code	2025-10-18T20:21:53.7061504Z ##[endgroup]
Detect Infrastructure Drift	Checkout code	2025-10-18T20:21:53.7064355Z ##[group]Determining the checkout info
Detect Infrastructure Drift	Checkout code	2025-10-18T20:21:53.7067254Z ##[endgroup]
Detect Infrastructure Drift	Checkout code	2025-10-18T20:21:53.7070518Z [command]/usr/bin/git sparse-checkout disable
Detect Infrastructure Drift	Checkout code	2025-10-18T20:21:53.7115431Z [command]/usr/bin/git config --local --unset-all extensions.worktreeConfig
Detect Infrastructure Drift	Checkout code	2025-10-18T20:21:53.7146379Z ##[group]Checking out the ref
Detect Infrastructure Drift	Checkout code	2025-10-18T20:21:53.7149450Z [command]/usr/bin/git checkout --progress --force -B main refs/remotes/origin/main
Detect Infrastructure Drift	Checkout code	2025-10-18T20:21:53.7236643Z Switched to a new branch 'main'
Detect Infrastructure Drift	Checkout code	2025-10-18T20:21:53.7239718Z branch 'main' set up to track 'origin/main'.
Detect Infrastructure Drift	Checkout code	2025-10-18T20:21:53.7247720Z ##[endgroup]
Detect Infrastructure Drift	Checkout code	2025-10-18T20:21:53.7283169Z [command]/usr/bin/git log -1 --format=%H
Detect Infrastructure Drift	Checkout code	2025-10-18T20:21:53.7306044Z 5c5185fff174eb1614cf388c6bd18e075ce8bf92
Detect Infrastructure Drift	Configure AWS credentials	﻿2025-10-18T20:21:53.7615287Z ##[group]Run aws-actions/configure-aws-credentials@v4
Detect Infrastructure Drift	Configure AWS credentials	2025-10-18T20:21:53.7616598Z with:
Detect Infrastructure Drift	Configure AWS credentials	2025-10-18T20:21:53.7617816Z   role-to-assume: ***
Detect Infrastructure Drift	Configure AWS credentials	2025-10-18T20:21:53.7618726Z   aws-region: eu-west-2
Detect Infrastructure Drift	Configure AWS credentials	2025-10-18T20:21:53.7619666Z   audience: sts.amazonaws.com
Detect Infrastructure Drift	Configure AWS credentials	2025-10-18T20:21:53.7620707Z   output-env-credentials: true
Detect Infrastructure Drift	Configure AWS credentials	2025-10-18T20:21:53.7621665Z env:
Detect Infrastructure Drift	Configure AWS credentials	2025-10-18T20:21:53.7622717Z   TF_VERSION: 1.6.0
Detect Infrastructure Drift	Configure AWS credentials	2025-10-18T20:21:53.7623600Z   AWS_REGION: eu-west-2
Detect Infrastructure Drift	Configure AWS credentials	2025-10-18T20:21:53.7624490Z ##[endgroup]
Detect Infrastructure Drift	Configure AWS credentials	2025-10-18T20:21:54.1764212Z Assuming role with OIDC
Detect Infrastructure Drift	Configure AWS credentials	2025-10-18T20:21:55.1414245Z Authenticated as assumedRoleId AROAST25YJOX73YC5M7PI:GitHubActions
Detect Infrastructure Drift	Setup Terraform	﻿2025-10-18T20:21:55.3273333Z ##[group]Run hashicorp/setup-terraform@v3
Detect Infrastructure Drift	Setup Terraform	2025-10-18T20:21:55.3273664Z with:
Detect Infrastructure Drift	Setup Terraform	2025-10-18T20:21:55.3273875Z   terraform_version: 1.6.0
Detect Infrastructure Drift	Setup Terraform	2025-10-18T20:21:55.3274117Z   terraform_wrapper: false
Detect Infrastructure Drift	Setup Terraform	2025-10-18T20:21:55.3274400Z   cli_config_credentials_hostname: app.terraform.io
Detect Infrastructure Drift	Setup Terraform	2025-10-18T20:21:55.3274695Z env:
Detect Infrastructure Drift	Setup Terraform	2025-10-18T20:21:55.3274877Z   TF_VERSION: 1.6.0
Detect Infrastructure Drift	Setup Terraform	2025-10-18T20:21:55.3275084Z   AWS_REGION: eu-west-2
Detect Infrastructure Drift	Setup Terraform	2025-10-18T20:21:55.3275311Z   AWS_DEFAULT_REGION: eu-west-2
Detect Infrastructure Drift	Setup Terraform	2025-10-18T20:21:55.3275692Z   AWS_ACCESS_KEY_ID: ***
Detect Infrastructure Drift	Setup Terraform	2025-10-18T20:21:55.3276014Z   AWS_SECRET_ACCESS_KEY: ***
Detect Infrastructure Drift	Setup Terraform	2025-10-18T20:21:55.3280675Z   AWS_SESSION_TOKEN: ***
Detect Infrastructure Drift	Setup Terraform	2025-10-18T20:21:55.3280914Z ##[endgroup]
Detect Infrastructure Drift	Setup Terraform	2025-10-18T20:21:55.7668372Z [command]/usr/bin/unzip -o -q /home/runner/work/_temp/f6cdb1f9-4469-49be-bf62-d8f1c26a6fa3
Detect Infrastructure Drift	Terraform Init	﻿2025-10-18T20:21:56.3458780Z ##[group]Run terraform init \
Detect Infrastructure Drift	Terraform Init	2025-10-18T20:21:56.3459175Z [36;1mterraform init \[0m
Detect Infrastructure Drift	Terraform Init	2025-10-18T20:21:56.3459680Z [36;1m  -backend-config="bucket=***" \[0m
Detect Infrastructure Drift	Terraform Init	2025-10-18T20:21:56.3460060Z [36;1m  -backend-config="key=attendance-app/terraform.tfstate" \[0m
Detect Infrastructure Drift	Terraform Init	2025-10-18T20:21:56.3460440Z [36;1m  -backend-config="region=eu-west-2"[0m
Detect Infrastructure Drift	Terraform Init	2025-10-18T20:21:56.3494058Z shell: /usr/bin/bash -e {0}
Detect Infrastructure Drift	Terraform Init	2025-10-18T20:21:56.3494362Z env:
Detect Infrastructure Drift	Terraform Init	2025-10-18T20:21:56.3494572Z   TF_VERSION: 1.6.0
Detect Infrastructure Drift	Terraform Init	2025-10-18T20:21:56.3494806Z   AWS_REGION: eu-west-2
Detect Infrastructure Drift	Terraform Init	2025-10-18T20:21:56.3495051Z   AWS_DEFAULT_REGION: eu-west-2
Detect Infrastructure Drift	Terraform Init	2025-10-18T20:21:56.3495390Z   AWS_ACCESS_KEY_ID: ***
Detect Infrastructure Drift	Terraform Init	2025-10-18T20:21:56.3495718Z   AWS_SECRET_ACCESS_KEY: ***
Detect Infrastructure Drift	Terraform Init	2025-10-18T20:21:56.3500334Z   AWS_SESSION_TOKEN: ***
Detect Infrastructure Drift	Terraform Init	2025-10-18T20:21:56.3500563Z ##[endgroup]
Detect Infrastructure Drift	Terraform Init	2025-10-18T20:21:56.4046965Z 
Detect Infrastructure Drift	Terraform Init	2025-10-18T20:21:56.4047816Z [0m[1mInitializing the backend...[0m
Detect Infrastructure Drift	Terraform Init	2025-10-18T20:21:57.6293078Z [0m[32m
Detect Infrastructure Drift	Terraform Init	2025-10-18T20:21:57.6293821Z Successfully configured the backend "s3"! Terraform will automatically
Detect Infrastructure Drift	Terraform Init	2025-10-18T20:21:57.6295028Z use this backend unless the backend configuration changes.[0m
Detect Infrastructure Drift	Terraform Init	2025-10-18T20:21:59.1238690Z 
Detect Infrastructure Drift	Terraform Init	2025-10-18T20:21:59.1239541Z [0m[1mInitializing provider plugins...[0m
Detect Infrastructure Drift	Terraform Init	2025-10-18T20:21:59.2181674Z - Finding hashicorp/aws versions matching "~> 5.0"...
Detect Infrastructure Drift	Terraform Init	2025-10-18T20:21:59.2182616Z - Installing hashicorp/aws v5.100.0...
Detect Infrastructure Drift	Terraform Init	2025-10-18T20:22:03.5058008Z - Installed hashicorp/aws v5.100.0 (signed by HashiCorp)
Detect Infrastructure Drift	Terraform Init	2025-10-18T20:22:03.5058529Z 
Detect Infrastructure Drift	Terraform Init	2025-10-18T20:22:03.5059282Z Terraform has created a lock file [1m.terraform.lock.hcl[0m to record the provider
Detect Infrastructure Drift	Terraform Init	2025-10-18T20:22:03.5060250Z selections it made above. Include this file in your version control repository
Detect Infrastructure Drift	Terraform Init	2025-10-18T20:22:03.5061637Z so that Terraform can guarantee to make the same selections by default when
Detect Infrastructure Drift	Terraform Init	2025-10-18T20:22:03.5063512Z you run "terraform init" in the future.[0m
Detect Infrastructure Drift	Terraform Init	2025-10-18T20:22:03.5064296Z 
Detect Infrastructure Drift	Terraform Init	2025-10-18T20:22:03.5065115Z [0m[1m[32mTerraform has been successfully initialized![0m[32m[0m
Detect Infrastructure Drift	Terraform Init	2025-10-18T20:22:03.5065899Z [0m[32m
Detect Infrastructure Drift	Terraform Init	2025-10-18T20:22:03.5066518Z You may now begin working with Terraform. Try running "terraform plan" to see
Detect Infrastructure Drift	Terraform Init	2025-10-18T20:22:03.5067547Z any changes that are required for your infrastructure. All Terraform commands
Detect Infrastructure Drift	Terraform Init	2025-10-18T20:22:03.5068317Z should now work.
Detect Infrastructure Drift	Terraform Init	2025-10-18T20:22:03.5068568Z 
Detect Infrastructure Drift	Terraform Init	2025-10-18T20:22:03.5068944Z If you ever set or change modules or backend configuration for Terraform,
Detect Infrastructure Drift	Terraform Init	2025-10-18T20:22:03.5069945Z rerun this command to reinitialize your working directory. If you forget, other
Detect Infrastructure Drift	Terraform Init	2025-10-18T20:22:03.5070909Z commands will detect it and remind you to do so if necessary.[0m
Detect Infrastructure Drift	Terraform Plan (Detect Drift)	﻿2025-10-18T20:22:03.5120251Z ##[group]Run set +e
Detect Infrastructure Drift	Terraform Plan (Detect Drift)	2025-10-18T20:22:03.5120536Z [36;1mset +e[0m
Detect Infrastructure Drift	Terraform Plan (Detect Drift)	2025-10-18T20:22:03.5120851Z [36;1mterraform plan -input=false -detailed-exitcode -no-color \[0m
Detect Infrastructure Drift	Terraform Plan (Detect Drift)	2025-10-18T20:22:03.5121225Z [36;1m  -var="environment=dev" \[0m
Detect Infrastructure Drift	Terraform Plan (Detect Drift)	2025-10-18T20:22:03.5121519Z [36;1m  -var="project_name=attendance-app" \[0m
Detect Infrastructure Drift	Terraform Plan (Detect Drift)	2025-10-18T20:22:03.5121835Z [36;1m  -var="domain_name=tech-with-tobi.com" \[0m
Detect Infrastructure Drift	Terraform Plan (Detect Drift)	2025-10-18T20:22:03.5122543Z [36;1m  -var="route53_zone_name=tech-with-tobi.com" \[0m
Detect Infrastructure Drift	Terraform Plan (Detect Drift)	2025-10-18T20:22:03.5123069Z [36;1m  -var="create_route53_record=true" \[0m
Detect Infrastructure Drift	Terraform Plan (Detect Drift)	2025-10-18T20:22:03.5123352Z [36;1m  -var="desired_count=2" \[0m
Detect Infrastructure Drift	Terraform Plan (Detect Drift)	2025-10-18T20:22:03.5123734Z [36;1m  -var="db_username=***" \[0m
Detect Infrastructure Drift	Terraform Plan (Detect Drift)	2025-10-18T20:22:03.5124051Z [36;1m  -var="db_password=***" \[0m
Detect Infrastructure Drift	Terraform Plan (Detect Drift)	2025-10-18T20:22:03.5124334Z [36;1m  -out=tfplan 2>&1 | tee plan_output.txt[0m
Detect Infrastructure Drift	Terraform Plan (Detect Drift)	2025-10-18T20:22:03.5124623Z [36;1mEXIT_CODE=${PIPESTATUS[0]}[0m
Detect Infrastructure Drift	Terraform Plan (Detect Drift)	2025-10-18T20:22:03.5124857Z [36;1m[0m
Detect Infrastructure Drift	Terraform Plan (Detect Drift)	2025-10-18T20:22:03.5125038Z [36;1mecho ""[0m
Detect Infrastructure Drift	Terraform Plan (Detect Drift)	2025-10-18T20:22:03.5125303Z [36;1mecho "📊 Terraform plan completed"[0m
Detect Infrastructure Drift	Terraform Plan (Detect Drift)	2025-10-18T20:22:03.5125588Z [36;1mecho "   Exit code: $EXIT_CODE"[0m
Detect Infrastructure Drift	Terraform Plan (Detect Drift)	2025-10-18T20:22:03.5125861Z [36;1mecho "   0 = No changes (no drift)"[0m
Detect Infrastructure Drift	Terraform Plan (Detect Drift)	2025-10-18T20:22:03.5126135Z [36;1mecho "   1 = Error occurred"[0m
Detect Infrastructure Drift	Terraform Plan (Detect Drift)	2025-10-18T20:22:03.5126408Z [36;1mecho "   2 = Changes detected (DRIFT!)"[0m
Detect Infrastructure Drift	Terraform Plan (Detect Drift)	2025-10-18T20:22:03.5126782Z [36;1m[0m
Detect Infrastructure Drift	Terraform Plan (Detect Drift)	2025-10-18T20:22:03.5127033Z [36;1mecho "exit_code=$EXIT_CODE" >> $GITHUB_OUTPUT[0m
Detect Infrastructure Drift	Terraform Plan (Detect Drift)	2025-10-18T20:22:03.5127327Z [36;1mexit 0[0m
Detect Infrastructure Drift	Terraform Plan (Detect Drift)	2025-10-18T20:22:03.5155520Z shell: /usr/bin/bash -e {0}
Detect Infrastructure Drift	Terraform Plan (Detect Drift)	2025-10-18T20:22:03.5155772Z env:
Detect Infrastructure Drift	Terraform Plan (Detect Drift)	2025-10-18T20:22:03.5155959Z   TF_VERSION: 1.6.0
Detect Infrastructure Drift	Terraform Plan (Detect Drift)	2025-10-18T20:22:03.5156169Z   AWS_REGION: eu-west-2
Detect Infrastructure Drift	Terraform Plan (Detect Drift)	2025-10-18T20:22:03.5156401Z   AWS_DEFAULT_REGION: eu-west-2
Detect Infrastructure Drift	Terraform Plan (Detect Drift)	2025-10-18T20:22:03.5156713Z   AWS_ACCESS_KEY_ID: ***
Detect Infrastructure Drift	Terraform Plan (Detect Drift)	2025-10-18T20:22:03.5157034Z   AWS_SECRET_ACCESS_KEY: ***
Detect Infrastructure Drift	Terraform Plan (Detect Drift)	2025-10-18T20:22:03.5161616Z   AWS_SESSION_TOKEN: ***
Detect Infrastructure Drift	Terraform Plan (Detect Drift)	2025-10-18T20:22:03.5161849Z ##[endgroup]
Detect Infrastructure Drift	Terraform Plan (Detect Drift)	2025-10-18T20:22:05.7312349Z Acquiring state lock. This may take a few moments...
Detect Infrastructure Drift	Terraform Plan (Detect Drift)	2025-10-18T20:22:09.1120779Z data.aws_region.current: Reading...
Detect Infrastructure Drift	Terraform Plan (Detect Drift)	2025-10-18T20:22:09.1121757Z data.aws_route53_zone.main[0]: Reading...
Detect Infrastructure Drift	Terraform Plan (Detect Drift)	2025-10-18T20:22:09.1122808Z data.aws_caller_identity.current: Reading...
Detect Infrastructure Drift	Terraform Plan (Detect Drift)	2025-10-18T20:22:09.1123683Z aws_iam_role.ecs_task: Refreshing state... [id=attendance-app-dev-ecs-task-role]
Detect Infrastructure Drift	Terraform Plan (Detect Drift)	2025-10-18T20:22:09.1128149Z aws_vpc.main: Refreshing state... [id=vpc-0fb44cd87b386c446]
Detect Infrastructure Drift	Terraform Plan (Detect Drift)	2025-10-18T20:22:09.1131876Z aws_cloudwatch_log_group.ecs: Refreshing state... [id=/ecs/attendance-app-dev]
Detect Infrastructure Drift	Terraform Plan (Detect Drift)	2025-10-18T20:22:09.1133103Z aws_iam_role.ecs_task_execution: Refreshing state... [id=attendance-app-dev-ecs-exec-role]
Detect Infrastructure Drift	Terraform Plan (Detect Drift)	2025-10-18T20:22:09.1134773Z aws_ecr_repository.main: Refreshing state... [id=attendance-app-dev]
Detect Infrastructure Drift	Terraform Plan (Detect Drift)	2025-10-18T20:22:09.1135790Z aws_ecs_cluster.main: Refreshing state... [id=arn:aws:ecs:eu-west-2:180048382895:cluster/attendance-app-dev-cluster]
Detect Infrastructure Drift	Terraform Plan (Detect Drift)	2025-10-18T20:22:09.1137080Z aws_acm_certificate.main[0]: Refreshing state... [id=arn:aws:acm:eu-west-2:180048382895:certificate/73ec0d4c-e0c0-4b95-8fa5-d886a4632548]
Detect Infrastructure Drift	Terraform Plan (Detect Drift)	2025-10-18T20:22:09.1159149Z data.aws_region.current: Read complete after 0s [id=eu-west-2]
Detect Infrastructure Drift	Terraform Plan (Detect Drift)	2025-10-18T20:22:09.2679056Z data.aws_caller_identity.current: Read complete after 0s [id=180048382895]
Detect Infrastructure Drift	Terraform Plan (Detect Drift)	2025-10-18T20:22:09.6876537Z aws_iam_role_policy_attachment.ecs_task_execution: Refreshing state... [id=attendance-app-dev-ecs-exec-role-20251018185710721300000002]
Detect Infrastructure Drift	Terraform Plan (Detect Drift)	2025-10-18T20:22:09.7199535Z data.aws_route53_zone.main[0]: Read complete after 1s [id=Z0263565359IBMRU1XEIY]
Detect Infrastructure Drift	Terraform Plan (Detect Drift)	2025-10-18T20:22:10.1298435Z aws_route53_record.cert_validation["tech-with-tobi.com"]: Refreshing state... [id=Z0263565359IBMRU1XEIY__9279ec20121d56ab48bcc1690e77a1bc.tech-with-tobi.com._CNAME]
Detect Infrastructure Drift	Terraform Plan (Detect Drift)	2025-10-18T20:22:10.3801255Z aws_acm_certificate_validation.main[0]: Refreshing state... [id=2025-10-18 18:57:26.693 +0000 UTC]
Detect Infrastructure Drift	Terraform Plan (Detect Drift)	2025-10-18T20:22:10.5282836Z aws_ecr_lifecycle_policy.main: Refreshing state... [id=attendance-app-dev]
Detect Infrastructure Drift	Terraform Plan (Detect Drift)	2025-10-18T20:22:11.3312889Z aws_subnet.private_db[0]: Refreshing state... [id=subnet-053a5ded5721073e0]
Detect Infrastructure Drift	Terraform Plan (Detect Drift)	2025-10-18T20:22:11.3314741Z aws_subnet.private_app[1]: Refreshing state... [id=subnet-033b86dc6bedc61a8]
Detect Infrastructure Drift	Terraform Plan (Detect Drift)	2025-10-18T20:22:11.3316546Z aws_subnet.private_app[0]: Refreshing state... [id=subnet-03f65b0de4ead35b0]
Detect Infrastructure Drift	Terraform Plan (Detect Drift)	2025-10-18T20:22:11.3323469Z aws_subnet.public[1]: Refreshing state... [id=subnet-0f18224ca573dd613]
Detect Infrastructure Drift	Terraform Plan (Detect Drift)	2025-10-18T20:22:11.3328088Z aws_internet_gateway.main: Refreshing state... [id=igw-07c3fc0c241ba9d86]
Detect Infrastructure Drift	Terraform Plan (Detect Drift)	2025-10-18T20:22:11.3329662Z aws_lb_target_group.main: Refreshing state... [id=arn:aws:elasticloadbalancing:eu-west-2:180048382895:targetgroup/attendance-app-dev-tg/481cc5c8a3fc30e8]
Detect Infrastructure Drift	Terraform Plan (Detect Drift)	2025-10-18T20:22:11.3330922Z aws_subnet.public[0]: Refreshing state... [id=subnet-0601685bb302d05c5]
Detect Infrastructure Drift	Terraform Plan (Detect Drift)	2025-10-18T20:22:11.3331731Z aws_subnet.private_db[1]: Refreshing state... [id=subnet-0ea8a4544cb8fbd82]
Detect Infrastructure Drift	Terraform Plan (Detect Drift)	2025-10-18T20:22:11.3332722Z aws_security_group.alb: Refreshing state... [id=sg-02d9b7a0f6b9c2330]
Detect Infrastructure Drift	Terraform Plan (Detect Drift)	2025-10-18T20:22:11.7983954Z aws_eip.nat: Refreshing state... [id=eipalloc-0734a01c4ff681883]
Detect Infrastructure Drift	Terraform Plan (Detect Drift)	2025-10-18T20:22:11.7987957Z aws_route_table.public: Refreshing state... [id=rtb-0a35ef928010f5fcf]
Detect Infrastructure Drift	Terraform Plan (Detect Drift)	2025-10-18T20:22:12.3015015Z aws_security_group.ecs_tasks: Refreshing state... [id=sg-05abdadc02c0e5ef0]
Detect Infrastructure Drift	Terraform Plan (Detect Drift)	2025-10-18T20:22:12.3272811Z aws_db_subnet_group.main: Refreshing state... [id=attendance-app-dev-db-subnet]
Detect Infrastructure Drift	Terraform Plan (Detect Drift)	2025-10-18T20:22:12.3290726Z aws_route_table_association.public[0]: Refreshing state... [id=rtbassoc-01a4ade91249fe83e]
Detect Infrastructure Drift	Terraform Plan (Detect Drift)	2025-10-18T20:22:12.3294383Z aws_route_table_association.public[1]: Refreshing state... [id=rtbassoc-08e869de80e6007fb]
Detect Infrastructure Drift	Terraform Plan (Detect Drift)	2025-10-18T20:22:12.3300503Z aws_lb.main: Refreshing state... [id=arn:aws:elasticloadbalancing:eu-west-2:180048382895:loadbalancer/app/attendance-app-dev-alb/bfa1c22d9e4a0569]
Detect Infrastructure Drift	Terraform Plan (Detect Drift)	2025-10-18T20:22:12.5402805Z aws_security_group.rds: Refreshing state... [id=sg-0706534beb97ad7c8]
Detect Infrastructure Drift	Terraform Plan (Detect Drift)	2025-10-18T20:22:12.5407228Z aws_nat_gateway.main: Refreshing state... [id=nat-04ae25b3e1a937941]
Detect Infrastructure Drift	Terraform Plan (Detect Drift)	2025-10-18T20:22:12.7279385Z aws_route_table.private: Refreshing state... [id=rtb-09f89522971091526]
Detect Infrastructure Drift	Terraform Plan (Detect Drift)	2025-10-18T20:22:12.9341876Z aws_route_table_association.private_db[0]: Refreshing state... [id=rtbassoc-0fa9bb8f6d0b10e1c]
Detect Infrastructure Drift	Terraform Plan (Detect Drift)	2025-10-18T20:22:12.9344546Z aws_route_table_association.private_app[1]: Refreshing state... [id=rtbassoc-08e9a997f8aa3cd02]
Detect Infrastructure Drift	Terraform Plan (Detect Drift)	2025-10-18T20:22:12.9345659Z aws_route_table_association.private_app[0]: Refreshing state... [id=rtbassoc-0ce3520466fec3cc4]
Detect Infrastructure Drift	Terraform Plan (Detect Drift)	2025-10-18T20:22:12.9346630Z aws_route_table_association.private_db[1]: Refreshing state... [id=rtbassoc-082dd99a3c9fc835b]
Detect Infrastructure Drift	Terraform Plan (Detect Drift)	2025-10-18T20:22:13.3862314Z aws_route53_record.main[0]: Refreshing state... [id=Z0263565359IBMRU1XEIY_tech-with-tobi.com_A]
Detect Infrastructure Drift	Terraform Plan (Detect Drift)	2025-10-18T20:22:13.3877799Z aws_lb_listener.https[0]: Refreshing state... [id=arn:aws:elasticloadbalancing:eu-west-2:180048382895:listener/app/attendance-app-dev-alb/bfa1c22d9e4a0569/2329dce02bb53807]
Detect Infrastructure Drift	Terraform Plan (Detect Drift)	2025-10-18T20:22:13.3879690Z aws_lb_listener.http: Refreshing state... [id=arn:aws:elasticloadbalancing:eu-west-2:180048382895:listener/app/attendance-app-dev-alb/bfa1c22d9e4a0569/151d4e02e2569ec1]
Detect Infrastructure Drift	Terraform Plan (Detect Drift)	2025-10-18T20:22:13.5745343Z aws_db_instance.main: Refreshing state... [id=db-HFTOQX7PWQSYGAJOIDCR6JVRRE]
Detect Infrastructure Drift	Terraform Plan (Detect Drift)	2025-10-18T20:22:13.8275470Z aws_ecs_task_definition.main: Refreshing state... [id=attendance-app-dev]
Detect Infrastructure Drift	Terraform Plan (Detect Drift)	2025-10-18T20:22:14.0059620Z aws_ecs_service.main: Refreshing state... [id=arn:aws:ecs:eu-west-2:180048382895:service/attendance-app-dev-cluster/attendance-app-dev-service]
Detect Infrastructure Drift	Terraform Plan (Detect Drift)	2025-10-18T20:22:14.3813327Z aws_cloudwatch_dashboard.main: Refreshing state... [id=attendance-app-dev-dashboard]
Detect Infrastructure Drift	Terraform Plan (Detect Drift)	2025-10-18T20:22:15.7562266Z 
Detect Infrastructure Drift	Terraform Plan (Detect Drift)	2025-10-18T20:22:15.7562853Z No changes. Your infrastructure matches the configuration.
Detect Infrastructure Drift	Terraform Plan (Detect Drift)	2025-10-18T20:22:15.7563168Z 
Detect Infrastructure Drift	Terraform Plan (Detect Drift)	2025-10-18T20:22:15.7563403Z Terraform has compared your real infrastructure against your configuration
Detect Infrastructure Drift	Terraform Plan (Detect Drift)	2025-10-18T20:22:15.7563863Z and found no differences, so no changes are needed.
Detect Infrastructure Drift	Terraform Plan (Detect Drift)	2025-10-18T20:22:16.0625698Z 
Detect Infrastructure Drift	Terraform Plan (Detect Drift)	2025-10-18T20:22:16.0626510Z 📊 Terraform plan completed
Detect Infrastructure Drift	Terraform Plan (Detect Drift)	2025-10-18T20:22:16.0626944Z    Exit code: 0
Detect Infrastructure Drift	Terraform Plan (Detect Drift)	2025-10-18T20:22:16.0627171Z    0 = No changes (no drift)
Detect Infrastructure Drift	Terraform Plan (Detect Drift)	2025-10-18T20:22:16.0627700Z    1 = Error occurred
Detect Infrastructure Drift	Terraform Plan (Detect Drift)	2025-10-18T20:22:16.0627921Z    2 = Changes detected (DRIFT!)
Detect Infrastructure Drift	Check for Drift	﻿2025-10-18T20:22:16.0673523Z ##[group]Run EXIT_CODE="0"
Detect Infrastructure Drift	Check for Drift	2025-10-18T20:22:16.0673837Z [36;1mEXIT_CODE="0"[0m
Detect Infrastructure Drift	Check for Drift	2025-10-18T20:22:16.0674101Z [36;1mecho "Checking exit code: $EXIT_CODE"[0m
Detect Infrastructure Drift	Check for Drift	2025-10-18T20:22:16.0674385Z [36;1m[0m
Detect Infrastructure Drift	Check for Drift	2025-10-18T20:22:16.0674588Z [36;1mif [ "$EXIT_CODE" == "2" ]; then[0m
Detect Infrastructure Drift	Check for Drift	2025-10-18T20:22:16.0674897Z [36;1m  echo "drift_detected=true" >> $GITHUB_OUTPUT[0m
Detect Infrastructure Drift	Check for Drift	2025-10-18T20:22:16.0675386Z [36;1m  echo "🚨 Drift detected!"[0m
Detect Infrastructure Drift	Check for Drift	2025-10-18T20:22:16.0675643Z [36;1melse[0m
Detect Infrastructure Drift	Check for Drift	2025-10-18T20:22:16.0675906Z [36;1m  echo "drift_detected=false" >> $GITHUB_OUTPUT[0m
Detect Infrastructure Drift	Check for Drift	2025-10-18T20:22:16.0676218Z [36;1m  echo "✅ No drift detected"[0m
Detect Infrastructure Drift	Check for Drift	2025-10-18T20:22:16.0676473Z [36;1mfi[0m
Detect Infrastructure Drift	Check for Drift	2025-10-18T20:22:16.0704923Z shell: /usr/bin/bash -e {0}
Detect Infrastructure Drift	Check for Drift	2025-10-18T20:22:16.0705176Z env:
Detect Infrastructure Drift	Check for Drift	2025-10-18T20:22:16.0705374Z   TF_VERSION: 1.6.0
Detect Infrastructure Drift	Check for Drift	2025-10-18T20:22:16.0705592Z   AWS_REGION: eu-west-2
Detect Infrastructure Drift	Check for Drift	2025-10-18T20:22:16.0705830Z   AWS_DEFAULT_REGION: eu-west-2
Detect Infrastructure Drift	Check for Drift	2025-10-18T20:22:16.0706412Z   AWS_ACCESS_KEY_ID: ***
Detect Infrastructure Drift	Check for Drift	2025-10-18T20:22:16.0706761Z   AWS_SECRET_ACCESS_KEY: ***
Detect Infrastructure Drift	Check for Drift	2025-10-18T20:22:16.0712281Z   AWS_SESSION_TOKEN: ***
Detect Infrastructure Drift	Check for Drift	2025-10-18T20:22:16.0712538Z ##[endgroup]
Detect Infrastructure Drift	Check for Drift	2025-10-18T20:22:16.0759987Z Checking exit code: 0
Detect Infrastructure Drift	Check for Drift	2025-10-18T20:22:16.0760745Z ✅ No drift detected
Detect Infrastructure Drift	Summary	﻿2025-10-18T20:22:16.0815064Z ##[group]Run if [ "false" == "true" ]; then
Detect Infrastructure Drift	Summary	2025-10-18T20:22:16.0815421Z [36;1mif [ "false" == "true" ]; then[0m
Detect Infrastructure Drift	Summary	2025-10-18T20:22:16.0815763Z [36;1m  echo "### 🚨 Drift Detected!" >> $GITHUB_STEP_SUMMARY[0m
Detect Infrastructure Drift	Summary	2025-10-18T20:22:16.0816102Z [36;1m  echo "" >> $GITHUB_STEP_SUMMARY[0m
Detect Infrastructure Drift	Summary	2025-10-18T20:22:16.0816421Z [36;1m  echo "**Time:** $(date -u)" >> $GITHUB_STEP_SUMMARY[0m
Detect Infrastructure Drift	Summary	2025-10-18T20:22:16.0816807Z [36;1m  echo "**Notifications:** ✅ Sent" >> $GITHUB_STEP_SUMMARY[0m
Detect Infrastructure Drift	Summary	2025-10-18T20:22:16.0817117Z [36;1melse[0m
Detect Infrastructure Drift	Summary	2025-10-18T20:22:16.0817374Z [36;1m  echo "### ✅ No Drift Detected" >> $GITHUB_STEP_SUMMARY[0m
Detect Infrastructure Drift	Summary	2025-10-18T20:22:16.0817687Z [36;1m  echo "" >> $GITHUB_STEP_SUMMARY[0m
Detect Infrastructure Drift	Summary	2025-10-18T20:22:16.0817991Z [36;1m  echo "**Time:** $(date -u)" >> $GITHUB_STEP_SUMMARY[0m
Detect Infrastructure Drift	Summary	2025-10-18T20:22:16.0818389Z [36;1m  echo "**Next check:** $(date -u -d '+1 hour' '+%H:00 UTC')" >> $GITHUB_STEP_SUMMARY[0m
Detect Infrastructure Drift	Summary	2025-10-18T20:22:16.0818741Z [36;1mfi[0m
Detect Infrastructure Drift	Summary	2025-10-18T20:22:16.0845671Z shell: /usr/bin/bash -e {0}
Detect Infrastructure Drift	Summary	2025-10-18T20:22:16.0845971Z env:
Detect Infrastructure Drift	Summary	2025-10-18T20:22:16.0846158Z   TF_VERSION: 1.6.0
Detect Infrastructure Drift	Summary	2025-10-18T20:22:16.0846374Z   AWS_REGION: eu-west-2
Detect Infrastructure Drift	Summary	2025-10-18T20:22:16.0846601Z   AWS_DEFAULT_REGION: eu-west-2
Detect Infrastructure Drift	Summary	2025-10-18T20:22:16.0846924Z   AWS_ACCESS_KEY_ID: ***
Detect Infrastructure Drift	Summary	2025-10-18T20:22:16.0847253Z   AWS_SECRET_ACCESS_KEY: ***
Detect Infrastructure Drift	Summary	2025-10-18T20:22:16.0851847Z   AWS_SESSION_TOKEN: ***
Detect Infrastructure Drift	Summary	2025-10-18T20:22:16.0852195Z ##[endgroup]
Detect Infrastructure Drift	Post Configure AWS credentials	﻿2025-10-18T20:22:16.1010174Z Post job cleanup.
Detect Infrastructure Drift	Post Checkout code	﻿2025-10-18T20:22:16.2340658Z Post job cleanup.
Detect Infrastructure Drift	Post Checkout code	2025-10-18T20:22:16.3300154Z [command]/usr/bin/git version
Detect Infrastructure Drift	Post Checkout code	2025-10-18T20:22:16.3339646Z git version 2.51.0
Detect Infrastructure Drift	Post Checkout code	2025-10-18T20:22:16.3385309Z Temporarily overriding HOME='/home/runner/work/_temp/9868fdb2-1a7e-4868-8564-89a08d8fec74' before making global git config changes
Detect Infrastructure Drift	Post Checkout code	2025-10-18T20:22:16.3386582Z Adding repository directory to the temporary git global config as a safe directory
Detect Infrastructure Drift	Post Checkout code	2025-10-18T20:22:16.3391879Z [command]/usr/bin/git config --global --add safe.directory /home/runner/work/attendance-app/attendance-app
Detect Infrastructure Drift	Post Checkout code	2025-10-18T20:22:16.3434574Z [command]/usr/bin/git config --local --name-only --get-regexp core\.sshCommand
Detect Infrastructure Drift	Post Checkout code	2025-10-18T20:22:16.3467920Z [command]/usr/bin/git submodule foreach --recursive sh -c "git config --local --name-only --get-regexp 'core\.sshCommand' && git config --local --unset-all 'core.sshCommand' || :"
Detect Infrastructure Drift	Post Checkout code	2025-10-18T20:22:16.3703074Z [command]/usr/bin/git config --local --name-only --get-regexp http\.https\:\/\/github\.com\/\.extraheader
Detect Infrastructure Drift	Post Checkout code	2025-10-18T20:22:16.3726727Z http.https://github.com/.extraheader
Detect Infrastructure Drift	Post Checkout code	2025-10-18T20:22:16.3740780Z [command]/usr/bin/git config --local --unset-all http.https://github.com/.extraheader
Detect Infrastructure Drift	Post Checkout code	2025-10-18T20:22:16.3774378Z [command]/usr/bin/git submodule foreach --recursive sh -c "git config --local --name-only --get-regexp 'http\.https\:\/\/github\.com\/\.extraheader' && git config --local --unset-all 'http.https://github.com/.extraheader' || :"
Detect Infrastructure Drift	Complete job	﻿2025-10-18T20:22:16.4112440Z Cleaning up orphan processes
